// Jest Snapshot v1, https://goo.gl/fbAQLP

exports[`MainPage handles loading when isPending true: MPIsPending 1`] = `ShallowWrapper {}`;

exports[`MainPage should render without crashing 1`] = `ShallowWrapper {}`;
